City, Street, Item, DateTime, Price
Birstonas, Gireno 16, Pineapple, 12/01/2020 20:00:00, "5,00 €"
