<?xml version='1.0'?>
<ArrayOfTransactionDTO xmlns:xsi="http://www.w3.org/2001/XMLSchema-instance" xmlns:xsd="http://www.w3.org/2001/XMLSchema">
  <TransactionDTO>
    <City>Birstonas</City>
    <Street>Gireno 16</Street>
    <Item>Pineapple</Item>
    <DateTime>12/01/2020 20:00:00</DateTime>
    <Price>5,00 â‚¬</Price>
  </TransactionDTO>
</ArrayOfTransactionDTO>