[
  {
    "City": "Birstonas",
    "Street": "Gireno 16",
    "Item": "Pineapple",
    "DateTime": "12/01/2020 20:00:00",
    "Price": "5,00 â‚¬"
  }
]