<?xml version='1.0'?>
<ArrayOfEarning xmlns:xsi="http://www.w3.org/2001/XMLSchema-instance" xmlns:xsd="http://www.w3.org/2001/XMLSchema">
  <Earning>
    <Day>Sunday</Day>
    <Earned>36,50 â‚¬</Earned>
  </Earning>
</ArrayOfEarning>