[
  {
    "City": "Springfield",
    "Street": "HoloPapap 2",
    "Item": "Apple",
    "DateTime": "05/01/2020 20:00:00",
    "Price": "3,00 €"
  },
  {
    "City": "Springfield",
    "Street": "HoloPapap 2",
    "Item": "Sausage",
    "DateTime": "05/01/2020 20:00:00",
    "Price": "8,00 €"
  },
  {
    "City": "Springfield",
    "Street": "HoloPapap 2",
    "Item": "Bannana",
    "DateTime": "05/01/2020 22:00:00",
    "Price": "10,00 €"
  },
  {
    "City": "Springfield",
    "Street": "HoloPapap 2",
    "Item": "Bannana",
    "DateTime": "05/01/2020 22:00:00",
    "Price": "15,50 €"
  }
]