City, Street, Item, DateTime, Price
Springfield, HoloPapap 2, Apple, 05/01/2020 20:00:00, "3,00 €"
Springfield, HoloPapap 2, Sausage, 05/01/2020 20:00:00, "8,00 €"
Springfield, HoloPapap 2, Bannana, 05/01/2020 22:00:00, "10,00 €"
Springfield, HoloPapap 2, Bannana, 05/01/2020 22:00:00, "15,50 €"
