<?xml version='1.0'?>
<Times xmlns:xsi="http://www.w3.org/2001/XMLSchema-instance" xmlns:xsd="http://www.w3.org/2001/XMLSchema">
  <Times>
    <Hour>20</Hour>
    <Count>4</Count>
    <Earned>9,00 €</Earned>
  </Times>
  <Times>
    <Hour>21</Hour>
    <Count>0</Count>
    <Earned>0,00 €</Earned>
  </Times>
  <Times>
    <Hour>22</Hour>
    <Count>2</Count>
    <Earned>25,50 €</Earned>
  </Times>
  <Times>
    <Hour>23</Hour>
    <Count>2</Count>
    <Earned>10,50 €</Earned>
  </Times>
  <RushHour>22</RushHour>
</Times>