<?xml version='1.0'?>
<ArrayOfTransactionDTO xmlns:xsi="http://www.w3.org/2001/XMLSchema-instance" xmlns:xsd="http://www.w3.org/2001/XMLSchema">
  <TransactionDTO>
    <City>London</City>
    <Street>ANC 54</Street>
    <Item>Sausage</Item>
    <DateTime>07/01/2020 23:00:00</DateTime>
    <Price>9,00 €</Price>
  </TransactionDTO>
  <TransactionDTO>
    <City>London</City>
    <Street>ANC 54</Street>
    <Item>Toy Car</Item>
    <DateTime>06/01/2020 20:00:00</DateTime>
    <Price>11,00 €</Price>
  </TransactionDTO>
  <TransactionDTO>
    <City>London</City>
    <Street>ANC 54</Street>
    <Item>Bannana</Item>
    <DateTime>08/01/2020 23:00:00</DateTime>
    <Price>12,00 €</Price>
  </TransactionDTO>
</ArrayOfTransactionDTO>