[
  {
    "City": "London",
    "Street": "ANC 54",
    "Item": "Sausage",
    "DateTime": "07/01/2020 23:00:00",
    "Price": "9,00 €"
  },
  {
    "City": "London",
    "Street": "ANC 54",
    "Item": "Toy Car",
    "DateTime": "06/01/2020 20:00:00",
    "Price": "11,00 €"
  },
  {
    "City": "London",
    "Street": "ANC 54",
    "Item": "Bannana",
    "DateTime": "08/01/2020 23:00:00",
    "Price": "12,00 €"
  }
]