City, Street, Item, DateTime, Price
London, ANC 54, Sausage, 07/01/2020 23:00:00, "9,00 €"
London, ANC 54, Toy Car, 06/01/2020 20:00:00, "11,00 €"
London, ANC 54, Bannana, 08/01/2020 23:00:00, "12,00 €"
